> Task :app:compileDebugUnitTestKotlin FAILED
